

processing file: 03_deseq2.Rmd
1/19                  
2/19 [setup]          
3/19                  
4/19 [config]         
5/19                  
6/19 [tx2gene]        
7/19                  
8/19 [deseq_import]   
9/19                  
10/19 [deseq_analysis] 
11/19                  
12/19 [volcano]        
13/19                  
14/19 [heatmap_pathway]
15/19                  
16/19 [heatmap_top]    
17/19                  
18/19 [pca]            
19/19                  
output file: 03_deseq2.knit.md

/usr/bin/pandoc +RTS -K512m -RTS 03_deseq2.knit.md --to html4 --from markdown+autolink_bare_uris+tex_math_single_backslash --output /projects/phagocytosis/reports/deseq2_report.html --lua-filter /usr/local/lib/R/site-library/rmarkdown/rmarkdown/lua/pagebreak.lua --lua-filter /usr/local/lib/R/site-library/rmarkdown/rmarkdown/lua/latex-div.lua --lua-filter /usr/local/lib/R/site-library/rmarkdown/rmarkdown/lua/table-classes.lua --embed-resources --standalone --variable bs3=TRUE --section-divs --table-of-contents --toc-depth 3 --variable toc_float=1 --variable toc_selectors=h1,h2,h3 --variable toc_collapsed=1 --variable toc_smooth_scroll=1 --variable toc_print=1 --template /usr/local/lib/R/site-library/rmarkdown/rmd/h/default.html --syntax-highlighting=none --variable highlightjs=1 --variable theme=flatly --mathjax --variable 'mathjax-url=https://mathjax.rstudio.com/latest/MathJax.js?config=TeX-AMS-MML_HTMLorMML' --include-in-header /tmp/RtmpeRyDl1/rmarkdown-str4e43725618ef.html --variable code_folding=hide --variable code_menu=1 

Output created: reports/deseq2_report.html
